// Jest Snapshot v1, https://goo.gl/fbAQLP

exports[`Component/content/DictItem should render pending correctly 1`] = `
<section
  className="panel-DictItem"
  onClick={[Function]}
>
  <header
    className="panel-DictItem_Header"
    onClick={[Function]}
  >
    <img
      alt="dict logo"
      className="panel-DictItem_Logo"
      src="favicon.png"
    />
    <h1
      className="panel-DictItem_Title"
    >
      <a
        href="#"
        onClick={[Function]}
      >
        dict:bing
      </a>
    </h1>
    <button
      className="panel-DictItem_FoldArrowBtn"
      onClick={[Function]}
    >
      <svg
        className="panel-DictItem_FoldArrow"
        height="18"
        viewBox="0 0 59.414 59.414"
        width="18"
        xmlns="http://www.w3.org/2000/svg"
      >
        <path
          className="panel-DictItem_FoldArrowPath "
          d="M43.854 59.414L14.146 29.707 43.854 0l1.414 1.414-28.293 28.293L45.268 58"
        />
      </svg>
    </button>
  </header>
  <div
    className="panel-DictItem_Body"
    key="bing"
    style={
      Object {
        "fontSize": 14,
        "height": 10,
      }
    }
  >
    <article
      className="panel-DictItem_BodyMesure"
      style={
        Object {
          "opacity": 0,
        }
      }
    />
  </div>
</section>
`;
