// Jest Snapshot v1, https://goo.gl/fbAQLP

exports[`Component/content/SaladBowl should render correctly 1`] = `
<div
  className="saladict-SaladBowl isAnimate"
  key="saladict-SaladBowl"
  onClick={[Function]}
  onMouseEnter={[Function]}
  onMouseLeave={[Function]}
  role="img"
>
  <div
    className="saladict-SaladBowl_Leaf"
  />
  <div
    className="saladict-SaladBowl_Orange"
  />
  <div
    className="saladict-SaladBowl_Tomato"
  />
  <div
    className="saladict-SaladBowl_Bowl"
  />
</div>
`;
