// Jest Snapshot v1, https://goo.gl/fbAQLP

exports[`Component/content/SaladBowl should render correctly 1`] = `
<div
  className="saladict-SaladBowl isAnimate"
  key="saladict-SaladBowl"
  onMouseEnter={[Function]}
  onMouseLeave={[Function]}
>
  <img
    className="saladict-SaladBowl_Leaf"
    src="leaf.svg"
  />
  <img
    className="saladict-SaladBowl_Orange"
    src="orange.svg"
  />
  <img
    className="saladict-SaladBowl_Tomato"
    src="tomato.svg"
  />
  <img
    className="saladict-SaladBowl_Bowl"
    src="bowl.svg"
  />
</div>
`;
